../Core/Src/ads1292r.c:68:23:spi_xfer	32	static
../Core/Src/ads1292r.c:75:13:delay_us	24	static,ignoring_inline_asm
../Core/Src/ads1292r.c:81:20:cs_low	8	static
../Core/Src/ads1292r.c:82:20:cs_high	8	static
../Core/Src/ads1292r.c:85:13:ads_command	16	static
../Core/Src/ads1292r.c:93:16:ads_read_reg	24	static
../Core/Src/ads1292r.c:104:13:ads_write_reg	16	static
../Core/Src/ads1292r.c:115:13:designHighPass	24	static
../Core/Src/ads1292r.c:124:13:designNotch	32	static
../Core/Src/ads1292r.c:133:13:designLowPass	32	static
../Core/Src/ads1292r.c:144:14:applyBiquad	24	static
../Core/Src/ads1292r.c:154:16:to24Signed	24	static
../Core/Src/ads1292r.c:161:14:toMillivolts	16	static
../Core/Src/ads1292r.c:176:13:computeHRV	312	static
../Core/Src/ads1292r.c:236:16:detectBPM	32	static
../Core/Src/ads1292r.c:282:13:verifyRegisters	24	static
../Core/Src/ads1292r.c:303:6:HAL_GPIO_EXTI_Callback	16	static,ignoring_inline_asm
../Core/Src/ads1292r.c:327:13:ADS1292R_GetHRV	24	static
../Core/Src/ads1292r.c:333:6:ADS1292R_Init	48	static
../Core/Src/ads1292r.c:412:6:ADS1292R_Process	88	static,ignoring_inline_asm
