../Core/Src/ads1292r.c:29:20:CS_Low	8	static
../Core/Src/ads1292r.c:34:20:CS_High	8	static
../Core/Src/ads1292r.c:39:16:SPI_Byte	32	static
../Core/Src/ads1292r.c:49:13:WriteReg	16	static
../Core/Src/ads1292r.c:59:16:ReadReg	24	static
../Core/Src/ads1292r.c:70:13:SendCmd	16	static
../Core/Src/ads1292r.c:81:6:ADS1292R_Init	32	static
../Core/Src/ads1292r.c:165:6:ADS1292R_DRDY_Callback	4	static
../Core/Src/ads1292r.c:173:7:ADS1292R_GetLatestMv	4	static
../Core/Src/ads1292r.c:189:6:ADS1292R_Process	104	static
