../Core/Src/ads1292r.c:94:23:spi_byte	32	static
../Core/Src/ads1292r.c:101:13:delay_us	24	static,ignoring_inline_asm
../Core/Src/ads1292r.c:107:20:cs_lo	8	static
../Core/Src/ads1292r.c:108:20:cs_hi	8	static
../Core/Src/ads1292r.c:113:13:ads_cmd	16	static
../Core/Src/ads1292r.c:121:16:ads_rreg	24	static
../Core/Src/ads1292r.c:132:13:ads_wreg	16	static
../Core/Src/ads1292r.c:147:13:design_hp	24	static
../Core/Src/ads1292r.c:157:13:design_notch	32	static
../Core/Src/ads1292r.c:167:13:design_lp	32	static
../Core/Src/ads1292r.c:178:14:biquad	24	static
../Core/Src/ads1292r.c:190:16:sign_extend24	24	static
../Core/Src/ads1292r.c:197:14:to_mv	16	static
../Core/Src/ads1292r.c:209:13:update_hrv	312	static
../Core/Src/ads1292r.c:271:16:detect_beat	32	static
../Core/Src/ads1292r.c:320:13:verify_regs	24	static
../Core/Src/ads1292r.c:353:6:HAL_GPIO_EXTI_Callback	16	static,ignoring_inline_asm
../Core/Src/ads1292r.c:380:13:ADS1292R_GetHRV	24	static
../Core/Src/ads1292r.c:385:6:ADS1292R_Init	48	static
../Core/Src/ads1292r.c:484:6:ADS1292R_Process	96	static,ignoring_inline_asm
