../Core/Src/main.c:94:13:MeasureBaseline	16	static
../Core/Src/main.c:110:13:ResetPeaks	4	static
../Core/Src/main.c:116:13:RecalibrateBaseline	8	static
../Core/Src/main.c:124:13:HandleUARTCommands	16	static
../Core/Src/main.c:147:5:main	8	static
../Core/Src/main.c:255:6:SystemClock_Config	96	static
../Core/Src/main.c:303:13:MX_I2C1_Init	8	static
../Core/Src/main.c:335:13:MX_SPI2_Init	8	static
../Core/Src/main.c:366:13:MX_USART2_UART_Init	8	static
../Core/Src/main.c:393:13:MX_USB_OTG_FS_PCD_Init	8	static
../Core/Src/main.c:426:13:MX_GPIO_Init	48	static
../Core/Src/main.c:492:6:I2C_Scanner	16	static
../Core/Src/main.c:522:6:Error_Handler	4	static,ignoring_inline_asm
