../Core/Src/main.c:93:13:MeasureBaseline	16	static
../Core/Src/main.c:109:13:ResetPeaks	4	static
../Core/Src/main.c:115:13:RecalibrateBaseline	8	static
../Core/Src/main.c:123:13:HandleUARTCommands	16	static
../Core/Src/main.c:146:5:main	64	static
../Core/Src/main.c:250:6:SystemClock_Config	96	static
../Core/Src/main.c:312:13:MX_I2C1_Init	8	static
../Core/Src/main.c:360:13:MX_SPI2_Init	8	static
../Core/Src/main.c:400:13:MX_USART2_UART_Init	8	static
../Core/Src/main.c:435:13:MX_USB_OTG_FS_PCD_Init	8	static
../Core/Src/main.c:470:13:MX_GPIO_Init	48	static
../Core/Src/main.c:533:6:I2C_Scanner	16	static
../Core/Src/main.c:563:6:Error_Handler	4	static,ignoring_inline_asm
