../Core/Src/MPU6050.c:31:13:MPU_WriteWord	40	static
../Core/Src/MPU6050.c:38:13:MPU_ReadWord	40	static
../Core/Src/MPU6050.c:44:6:MPU6050_GetActiveOffsets	16	static
../Core/Src/MPU6050.c:53:6:MPU6050_PrintActiveOffsets	24	static
../Core/Src/MPU6050.c:64:13:MPU6050_PID	96	static
../Core/Src/MPU6050.c:146:6:MPU6050_CalibrateGyro	32	static
../Core/Src/MPU6050.c:161:6:MPU6050_CalibrateAccel	32	static
../Core/Src/MPU6050.c:178:6:MPU6050_WriteOffset	40	static
../Core/Src/MPU6050.c:193:6:MPU6050_ReadRaw3	40	static
../Core/Src/MPU6050.c:214:6:MPU6050_Writebyte	32	static
../Core/Src/MPU6050.c:219:6:MPU6050_Writebytes	32	static
../Core/Src/MPU6050.c:224:6:MPU6050_Readbyte	32	static
../Core/Src/MPU6050.c:229:6:MPU6050_Readbytes	32	static
../Core/Src/MPU6050.c:234:6:MPU6050_Initialization	16	static
../Core/Src/MPU6050.c:314:6:MPU6050_Get6AxisRawData	32	static
../Core/Src/MPU6050.c:330:6:MPU6050_Get_LSB_Sensitivity	16	static
../Core/Src/MPU6050.c:365:6:MPU6050_DataConvert	16	static
../Core/Src/MPU6050.c:382:5:MPU6050_DataReady	8	static
../Core/Src/MPU6050.c:407:6:MPU6050_ProcessData	16	static
