../Core/Src/MPU6050.c:19:13:MPU_WriteWord	40	static
../Core/Src/MPU6050.c:27:13:MPU_ReadWord	40	static
../Core/Src/MPU6050.c:34:6:MPU6050_GetActiveOffsets	16	static
../Core/Src/MPU6050.c:44:13:MPU6050_PID	88	static
../Core/Src/MPU6050.c:117:6:MPU6050_CalibrateGyro	32	static
../Core/Src/MPU6050.c:130:6:MPU6050_CalibrateAccel	32	static
../Core/Src/MPU6050.c:143:6:MPU6050_WriteOffset	40	static
../Core/Src/MPU6050.c:158:6:MPU6050_ReadRaw3	40	static
../Core/Src/MPU6050.c:177:6:MPU6050_Writebyte	32	static
../Core/Src/MPU6050.c:182:6:MPU6050_Writebytes	32	static
../Core/Src/MPU6050.c:187:6:MPU6050_Readbyte	32	static
../Core/Src/MPU6050.c:192:6:MPU6050_Readbytes	32	static
../Core/Src/MPU6050.c:197:6:MPU6050_Initialization	16	static
../Core/Src/MPU6050.c:254:6:MPU6050_Get6AxisRawData	32	static
../Core/Src/MPU6050.c:270:6:MPU6050_Get_LSB_Sensitivity	16	static
../Core/Src/MPU6050.c:291:6:MPU6050_DataConvert	16	static
../Core/Src/MPU6050.c:304:6:MPU6050_PrintActiveOffsets	24	static
../Core/Src/MPU6050.c:318:7:MPU6050_GetPitchDeg	24	static
../Core/Src/MPU6050.c:325:6:MPU6050_MeasureGyroBiasXYZ	40	static
../Core/Src/MPU6050.c:344:5:MPU6050_DataReady	8	static
../Core/Src/MPU6050.c:349:6:MPU6050_ProcessData	16	static
