17:24:33 **** Incremental Build of configuration Debug for project HRV ****
make -j9 all 
arm-none-eabi-gcc "../Core/Src/main.c" -mcpu=cortex-m4 -std=gnu11 -g3 -DDEBUG -DUSE_HAL_DRIVER -DSTM32L476xx -c -I../Core/Inc -I../Drivers/STM32L4xx_HAL_Driver/Inc -I../Drivers/STM32L4xx_HAL_Driver/Inc/Legacy -I../Drivers/CMSIS/Device/ST/STM32L4xx/Include -I../Drivers/CMSIS/Include -O0 -ffunction-sections -fdata-sections -Wall -fstack-usage -fcyclomatic-complexity -MMD -MP -MF"Core/Src/main.d" -MT"Core/Src/main.o" --specs=nano.specs -mfpu=fpv4-sp-d16 -mfloat-abi=hard -mthumb -o "Core/Src/main.o"
arm-none-eabi-gcc -o "HRV.elf" @"objects.list"   -mcpu=cortex-m4 -T"/Users/jansiranibalasubramanian/DhayaCode/SeniorDesign/EE-4951W/HRV/STM32L476RGTX_FLASH.ld" --specs=nosys.specs -Wl,-Map="HRV.map" -Wl,--gc-sections -static --specs=nano.specs -mfpu=fpv4-sp-d16 -mfloat-abi=hard -mthumb -Wl,--start-group -lc -lm -Wl,--end-group
/Applications/STM32CubeIDE.app/Contents/Eclipse/plugins/com.st.stm32cube.ide.mcu.externaltools.gnu-tools-for-stm32.13.3.rel1.macos64_1.0.100.202509120712/tools/bin/../lib/gcc/arm-none-eabi/13.3.1/../../../../arm-none-eabi/bin/ld: warning: HRV.elf has a LOAD segment with RWX permissions
Finished building target: HRV.elf
 
arm-none-eabi-size  HRV.elf 
arm-none-eabi-objdump -h -S HRV.elf  > "HRV.list"
   text	   data	    bss	    dec	    hex	filename
  12504	     20	   1708	  14232	   3798	HRV.elf
Finished building: default.size.stdout
 
Finished building: HRV.list
 

17:24:33 Build Finished. 0 errors, 1 warnings. (took 667ms)

