16:30:01 **** Incremental Build of configuration Debug for project HRV ****
make -j9 all 
arm-none-eabi-gcc "../Core/Src/ads1292r.c" -mcpu=cortex-m4 -std=gnu11 -g3 -DDEBUG -DUSE_HAL_DRIVER -DSTM32L476xx -c -I../Core/Inc -I../Drivers/STM32L4xx_HAL_Driver/Inc -I../Drivers/STM32L4xx_HAL_Driver/Inc/Legacy -I../Drivers/CMSIS/Device/ST/STM32L4xx/Include -I../Drivers/CMSIS/Include -O0 -ffunction-sections -fdata-sections -Wall -fstack-usage -fcyclomatic-complexity -MMD -MP -MF"Core/Src/ads1292r.d" -MT"Core/Src/ads1292r.o" --specs=nano.specs -mfpu=fpv4-sp-d16 -mfloat-abi=hard -mthumb -o "Core/Src/ads1292r.o"
arm-none-eabi-gcc "../Core/Src/main.c" -mcpu=cortex-m4 -std=gnu11 -g3 -DDEBUG -DUSE_HAL_DRIVER -DSTM32L476xx -c -I../Core/Inc -I../Drivers/STM32L4xx_HAL_Driver/Inc -I../Drivers/STM32L4xx_HAL_Driver/Inc/Legacy -I../Drivers/CMSIS/Device/ST/STM32L4xx/Include -I../Drivers/CMSIS/Include -O0 -ffunction-sections -fdata-sections -Wall -fstack-usage -fcyclomatic-complexity -MMD -MP -MF"Core/Src/main.d" -MT"Core/Src/main.o" --specs=nano.specs -mfpu=fpv4-sp-d16 -mfloat-abi=hard -mthumb -o "Core/Src/main.o"
../Core/Src/main.c:64:14: warning: 'gyro_bias_z' defined but not used [-Wunused-variable]
   64 | static float gyro_bias_z = 0.0f;
      |              ^~~~~~~~~~~
../Core/Src/main.c:63:14: warning: 'gyro_bias_y' defined but not used [-Wunused-variable]
   63 | static float gyro_bias_y = 0.0f;
      |              ^~~~~~~~~~~
../Core/Src/main.c:62:14: warning: 'gyro_bias_x' defined but not used [-Wunused-variable]
   62 | static float gyro_bias_x = 0.0f;
      |              ^~~~~~~~~~~
arm-none-eabi-gcc -o "HRV.elf" @"objects.list"   -mcpu=cortex-m4 -T"/Users/jansiranibalasubramanian/DhayaCode/SeniorDesign/EE-4951W/HRV/STM32L476RGTX_FLASH.ld" --specs=nosys.specs -Wl,-Map="HRV.map" -Wl,--gc-sections -static -u _printf_float -u _printf_float --specs=nano.specs -mfpu=fpv4-sp-d16 -mfloat-abi=hard -mthumb -Wl,--start-group -lc -lm -Wl,--end-group
/Applications/STM32CubeIDE.app/Contents/Eclipse/plugins/com.st.stm32cube.ide.mcu.externaltools.gnu-tools-for-stm32.13.3.rel1.macos64_1.0.100.202509120712/tools/bin/../lib/gcc/arm-none-eabi/13.3.1/../../../../arm-none-eabi/bin/ld: warning: HRV.elf has a LOAD segment with RWX permissions
Finished building target: HRV.elf
 
arm-none-eabi-size  HRV.elf 
arm-none-eabi-objdump -h -S HRV.elf  > "HRV.list"
   text	   data	    bss	    dec	    hex	filename
  46524	    492	   4012	  51028	   c754	HRV.elf
Finished building: default.size.stdout
 
Finished building: HRV.list
 

16:30:02 Build Finished. 0 errors, 4 warnings. (took 1s.229ms)

